// Jest Snapshot v1, https://goo.gl/fbAQLP

exports[`should render the add post page correctly 1`] = `
<React.Fragment>
  <h1>
    Add Post
  </h1>
  <PostForm
    onBack={[Function]}
    onSubmit={[Function]}
  />
</React.Fragment>
`;
