// Jest Snapshot v1, https://goo.gl/fbAQLP

exports[`should render the dashboard page correctly 1`] = `
<div>
  <h1>
    Editor Dashboard
  </h1>
  <Connect(PostList) />
  <Link
    replace={false}
    to="./addPost"
  >
    Add Post
  </Link>
</div>
`;
