// Jest Snapshot v1, https://goo.gl/fbAQLP

exports[`should render the add post page correctly 1`] = `
<Fragment>
  <header
    className="page-header"
  >
    <div
      className="content-container"
    >
      <h1
        className="page-header__title "
      >
        Edit Post
      </h1>
    </div>
  </header>
  <section
    className="content-container"
  >
    <PostForm
      onBack={[Function]}
      onSubmit={[Function]}
    />
    <button
      className="button"
      onClick={[Function]}
      type="button"
    >
      Remove Post
    </button>
  </section>
  <Modal
    ariaHideApp={true}
    bodyOpenClassName="ReactModal__Body--open"
    closeTimeoutMS={0}
    contentLabel="Remove Post"
    isOpen={false}
    onRequestClose={[Function]}
    parentSelector={[Function]}
    portalClassName="ReactModalPortal"
    role="dialog"
    shouldCloseOnEsc={true}
    shouldCloseOnOverlayClick={true}
    shouldFocusAfterRender={true}
    shouldReturnFocusAfterClose={true}
  >
    <section>
      <h2>
        Remove Post
      </h2>
      <p>
        Are you sure you want to remove the post?
      </p>
      <button
        onClick={[Function]}
      >
        Cancel
      </button>
      <button
        onClick={[Function]}
      >
        Ok
      </button>
    </section>
  </Modal>
</Fragment>
`;
